
R version 4.1.2 (2021-11-01) -- "Bird Hippie"
Copyright (C) 2021 The R Foundation for Statistical Computing
Platform: i386-w64-mingw32/i386 (32-bit)

R is free software and comes with ABSOLUTELY NO WARRANTY.
You are welcome to redistribute it under certain conditions.
Type 'license()' or 'licence()' for distribution details.

  Natural language support but running in an English locale

R is a collaborative project with many contributors.
Type 'contributors()' for more information and
'citation()' on how to cite R or R packages in publications.

Type 'demo()' for some demos, 'help()' for on-line help, or
'help.start()' for an HTML browser interface to help.
Type 'q()' to quit R.

[Previously saved workspace restored]

> utils:::menuInstallPkgs()
--- Please select a CRAN mirror for use in this session ---
Error in contrib.url(repos, type) : 
  trying to use CRAN without setting a mirror
> library(caTools)
Error in library(caTools) : there is no package called ‘caTools’
> library(e1071)
Error in library(e1071) : there is no package called ‘e1071’
> install.packages("e1071")
Warning in install.packages("e1071") :
  'lib = "C:/Program Files/R/R-4.1.2/library"' is not writable
--- Please select a CRAN mirror for use in this session ---
Error in contrib.url(repos, "source") : 
  trying to use CRAN without setting a mirror
> install.packages("e1071")
Installing package into ‘C:/Users/admin/Documents/R/win-library/4.1’
(as ‘lib’ is unspecified)
--- Please select a CRAN mirror for use in this session ---
Warning: unable to access index for repository http://ftp.ussg.iu.edu/CRAN/src/contrib:
  cannot open URL 'http://ftp.ussg.iu.edu/CRAN/src/contrib/PACKAGES'
Warning message:
package ‘e1071’ is not available for this version of R

A version of this package for your version of R might be available elsewhere,
see the ideas at
https://cran.r-project.org/doc/manuals/r-patched/R-admin.html#Installing-packages 
> library(e1071)
Error in library(e1071) : there is no package called ‘e1071’
> utils:::menuInstallPkgs()
also installing the dependency ‘proxy’

trying URL 'http://ftp.ussg.iu.edu/CRAN/bin/windows/contrib/4.1/proxy_0.4-26.zip'
Content type 'application/zip' length 245353 bytes (239 KB)
downloaded 239 KB

trying URL 'http://ftp.ussg.iu.edu/CRAN/bin/windows/contrib/4.1/e1071_1.7-9.zip'
Content type 'application/zip' length 1023415 bytes (999 KB)
downloaded 999 KB

package ‘proxy’ successfully unpacked and MD5 sums checked
package ‘e1071’ successfully unpacked and MD5 sums checked

The downloaded binary packages are in
        C:\Users\admin\AppData\Local\Temp\Rtmp6R909s\downloaded_packages
> utils:::menuInstallPkgs()
also installing the dependency ‘bitops’

trying URL 'http://ftp.ussg.iu.edu/CRAN/bin/windows/contrib/4.1/bitops_1.0-7.zip'
Content type 'application/zip' length 42557 bytes (41 KB)
downloaded 41 KB

trying URL 'http://ftp.ussg.iu.edu/CRAN/bin/windows/contrib/4.1/caTools_1.18.2.zip'
Content type 'application/zip' length 316539 bytes (309 KB)
downloaded 309 KB

package ‘bitops’ successfully unpacked and MD5 sums checked
package ‘caTools’ successfully unpacked and MD5 sums checked

The downloaded binary packages are in
        C:\Users\admin\AppData\Local\Temp\Rtmp6R909s\downloaded_packages
> utils:::menuInstallPkgs()
also installing the dependencies ‘gtools’, ‘gdata’

trying URL 'http://ftp.ussg.iu.edu/CRAN/bin/windows/contrib/4.1/gtools_3.9.2.zip'
Content type 'application/zip' length 367237 bytes (358 KB)
downloaded 358 KB

trying URL 'http://ftp.ussg.iu.edu/CRAN/bin/windows/contrib/4.1/gdata_2.18.0.zip'
Content type 'application/zip' length 1264727 bytes (1.2 MB)
downloaded 1.2 MB

trying URL 'http://ftp.ussg.iu.edu/CRAN/bin/windows/contrib/4.1/gmodels_2.18.1.zip'
Content type 'application/zip' length 114190 bytes (111 KB)
downloaded 111 KB

package ‘gtools’ successfully unpacked and MD5 sums checked
package ‘gdata’ successfully unpacked and MD5 sums checked
package ‘gmodels’ successfully unpacked and MD5 sums checked

The downloaded binary packages are in
        C:\Users\admin\AppData\Local\Temp\Rtmp6R909s\downloaded_packages
> getwd()
[1] "C:/Users/admin/Documents"
> set("C:/Users/admin/Desktop/06 AMRITHA UR/R prgrm")
Error in set("C:/Users/admin/Desktop/06 AMRITHA UR/R prgrm") : 
  could not find function "set"
> setwd("C:/Users/admin/Desktop/06 AMRITHA UR/R prgrm")
> library(e1071)
> library(caTools)
> library(gmodels)
> iris = read.csv("iris.csv")
> set.seed(100)
> split <- sample.split(iris$species, SplitRatio = 0.7
+ )
> iris1 <- subset(iris, split == "TRUE")
>  iris2 <- subset(iris, split == "FALSE")
>  iris_train = iris1[,1:4]
> iris_test = iris2[,1:4]
> iris_train_labels = iris1[,5]
>  iris_test_labels = iris2[,5]
> classifier_cl <- naiveBayes(iris_train,iris_train_labels )
> naiveBayes(iris_train,iris_train_labels )

Naive Bayes Classifier for Discrete Predictors

Call:
naiveBayes.default(x = iris_train, y = iris_train_labels)

A-priori probabilities:
iris_train_labels
    Setosa Versicolor  Virginica 
 0.3333333  0.3333333  0.3333333 

Conditional probabilities:
                 sepal.length
iris_train_labels     [,1]      [,2]
       Setosa     5.025714 0.3266072
       Versicolor 5.894286 0.5455396
       Virginica  6.625714 0.5907836

                 sepal.width
iris_train_labels     [,1]      [,2]
       Setosa     3.445714 0.3567359
       Versicolor 2.782857 0.3468223
       Virginica  2.985714 0.2658426

                 petal.length
iris_train_labels     [,1]      [,2]
       Setosa     1.471429 0.1808012
       Versicolor 4.191429 0.4859021
       Virginica  5.608571 0.5083835

                 petal.width
iris_train_labels      [,1]       [,2]
       Setosa     0.2285714 0.08934872
       Versicolor 1.3228571 0.20448747
       Virginica  2.0485714 0.28218833

> iris_test_pred <- predict(classifier_cl, iris_test)
>  iris_test_pred
 [1] Setosa     Setosa     Setosa     Setosa     Setosa     Setosa     Setosa     Setosa     Setosa     Setosa     Setosa     Setosa     Setosa     Setosa    
[15] Setosa     Versicolor Versicolor Versicolor Versicolor Versicolor Versicolor Virginica  Versicolor Versicolor Versicolor Versicolor Versicolor Versicolor
[29] Versicolor Versicolor Versicolor Virginica  Virginica  Virginica  Virginica  Virginica  Virginica  Versicolor Virginica  Virginica  Virginica  Virginica 
[43] Virginica  Virginica  Virginica 
Levels: Setosa Versicolor Virginica
> CrossTable(iris_test_labels, iris_test_pred,
+ + prop.chisq=FALSE)
Error: unexpected '=' in:
"CrossTable(iris_test_labels, iris_test_pred,
+ prop.chisq="
> CrossTable(iris_test_labels, iris_test_pred,
+  prop.chisq=FALSE)

 
   Cell Contents
|-------------------------|
|                       N |
|           N / Row Total |
|           N / Col Total |
|         N / Table Total |
|-------------------------|

 
Total Observations in Table:  45 

 
                 | iris_test_pred 
iris_test_labels |     Setosa | Versicolor |  Virginica |  Row Total | 
-----------------|------------|------------|------------|------------|
          Setosa |         15 |          0 |          0 |         15 | 
                 |      1.000 |      0.000 |      0.000 |      0.333 | 
                 |      1.000 |      0.000 |      0.000 |            | 
                 |      0.333 |      0.000 |      0.000 |            | 
-----------------|------------|------------|------------|------------|
      Versicolor |          0 |         14 |          1 |         15 | 
                 |      0.000 |      0.933 |      0.067 |      0.333 | 
                 |      0.000 |      0.875 |      0.071 |            | 
                 |      0.000 |      0.311 |      0.022 |            | 
-----------------|------------|------------|------------|------------|
       Virginica |          0 |          2 |         13 |         15 | 
                 |      0.000 |      0.133 |      0.867 |      0.333 | 
                 |      0.000 |      0.125 |      0.929 |            | 
                 |      0.000 |      0.044 |      0.289 |            | 
-----------------|------------|------------|------------|------------|
    Column Total |         15 |         16 |         14 |         45 | 
                 |      0.333 |      0.356 |      0.311 |            | 
-----------------|------------|------------|------------|------------|

 
> 
